[2026-05-16 10:30:28] WARNING  django.request log.log_message:249 | PID:19624 TID:23364 | Not Found: /favicon.ico
[2026-05-16 10:30:34] INFO     users.signals signals.on_user_logged_out:56 | PID:19624 TID:23364 | User logged out: username='koshelot', ip='127.0.0.1'
[2026-05-16 10:30:38] INFO     users.signals signals.on_user_logged_in:31 | PID:19624 TID:23364 | User logged in: username='koshelot', email='koshelotin2892020@gmail.com', ip='127.0.0.1'
[2026-05-16 10:30:59] INFO     django.utils.autoreload autoreload.trigger_reload:265 | PID:19624 TID:24540 | C:\python\dstu\lang_prog_3kurs\sem_2\git_project\library\users\signals.py changed, reloading.
[2026-05-16 10:31:36] INFO     django.utils.autoreload autoreload.trigger_reload:265 | PID:23004 TID:27824 | C:\python\dstu\lang_prog_3kurs\sem_2\git_project\library\users\logging_config.py changed, reloading.
[2026-05-16 10:32:07] INFO     django.utils.autoreload autoreload.trigger_reload:265 | PID:2456 TID:16984 | C:\python\dstu\lang_prog_3kurs\sem_2\git_project\library\users\logging_config.py changed, reloading.
[2026-05-16 10:32:11] INFO     django.utils.autoreload autoreload.trigger_reload:265 | PID:11656 TID:26028 | C:\python\dstu\lang_prog_3kurs\sem_2\git_project\library\users\logging_config.py changed, reloading.
[2026-05-16 10:32:14] INFO     django.utils.autoreload autoreload.trigger_reload:265 | PID:18736 TID:21368 | C:\python\dstu\lang_prog_3kurs\sem_2\git_project\library\users\logging_config.py changed, reloading.
[2026-05-16 10:32:18] INFO     django.utils.autoreload autoreload.trigger_reload:265 | PID:19152 TID:8028 | C:\python\dstu\lang_prog_3kurs\sem_2\git_project\library\users\logging_config.py changed, reloading.
[2026-05-16 10:32:30] INFO     django.utils.autoreload autoreload.trigger_reload:265 | PID:25044 TID:9868 | C:\python\dstu\lang_prog_3kurs\sem_2\git_project\library\users\logging_config.py changed, reloading.
[2026-05-16 10:32:37] INFO     django.utils.autoreload autoreload.trigger_reload:265 | PID:21264 TID:16328 | C:\python\dstu\lang_prog_3kurs\sem_2\git_project\library\users\logging_config.py changed, reloading.
[2026-05-16 10:32:45] INFO     django.utils.autoreload autoreload.trigger_reload:265 | PID:13904 TID:18896 | C:\python\dstu\lang_prog_3kurs\sem_2\git_project\library\users\logging_config.py changed, reloading.
[2026-05-16 10:32:49] INFO     django.utils.autoreload autoreload.trigger_reload:265 | PID:19964 TID:14072 | C:\python\dstu\lang_prog_3kurs\sem_2\git_project\library\users\logging_config.py changed, reloading.
[2026-05-16 10:32:57] INFO     django.utils.autoreload autoreload.trigger_reload:265 | PID:16392 TID:6384 | C:\python\dstu\lang_prog_3kurs\sem_2\git_project\library\users\logging_config.py changed, reloading.
[2026-05-16 10:33:00] INFO     django.utils.autoreload autoreload.trigger_reload:265 | PID:26780 TID:18644 | C:\python\dstu\lang_prog_3kurs\sem_2\git_project\library\users\logging_config.py changed, reloading.
[2026-05-16 10:33:05] INFO     django.utils.autoreload autoreload.trigger_reload:265 | PID:10364 TID:18288 | C:\python\dstu\lang_prog_3kurs\sem_2\git_project\library\users\logging_config.py changed, reloading.
[2026-05-16 10:33:09] INFO     django.utils.autoreload autoreload.trigger_reload:265 | PID:17632 TID:22944 | C:\python\dstu\lang_prog_3kurs\sem_2\git_project\library\users\logging_config.py changed, reloading.
[2026-05-16 10:33:12] INFO     django.utils.autoreload autoreload.trigger_reload:265 | PID:14540 TID:8324 | C:\python\dstu\lang_prog_3kurs\sem_2\git_project\library\users\logging_config.py changed, reloading.
[2026-05-16 10:33:38] INFO     django.utils.autoreload autoreload.trigger_reload:265 | PID:14492 TID:24416 | C:\python\dstu\lang_prog_3kurs\sem_2\git_project\library\users\logging_config.py changed, reloading.
[2026-05-16 10:33:43] INFO     django.utils.autoreload autoreload.trigger_reload:265 | PID:10400 TID:25812 | C:\python\dstu\lang_prog_3kurs\sem_2\git_project\library\users\logging_config.py changed, reloading.
[2026-05-16 10:33:47] INFO     django.utils.autoreload autoreload.trigger_reload:265 | PID:28524 TID:27592 | C:\python\dstu\lang_prog_3kurs\sem_2\git_project\library\users\logging_config.py changed, reloading.
[2026-05-16 10:34:16] INFO     django.utils.autoreload autoreload.trigger_reload:265 | PID:15408 TID:17848 | C:\python\dstu\lang_prog_3kurs\sem_2\git_project\library\users\logging_config.py changed, reloading.
[2026-05-16 10:34:22] INFO     django.utils.autoreload autoreload.trigger_reload:265 | PID:23776 TID:20216 | C:\python\dstu\lang_prog_3kurs\sem_2\git_project\library\users\logging_config.py changed, reloading.
[2026-05-16 10:34:27] INFO     django.utils.autoreload autoreload.trigger_reload:265 | PID:8528 TID:15228 | C:\python\dstu\lang_prog_3kurs\sem_2\git_project\library\users\logging_config.py changed, reloading.
[2026-05-16 10:37:38] WARNING  users.views views._validate_avatar:176 | PID:14040 TID:9976 | Invalid avatar file uploaded: user='koshelot', filename='token.txt', content_type='text/plain' — not a valid image
Traceback (most recent call last):
  File "C:\python\dstu\lang_prog_3kurs\sem_2\git_project\library\users\views.py", line 164, in _validate_avatar
    img = Image.open(file)
  File "C:\Users\alex_\AppData\Local\Programs\Python\Python313\Lib\site-packages\PIL\Image.py", line 3532, in open
    raise UnidentifiedImageError(msg)
PIL.UnidentifiedImageError: cannot identify image file <InMemoryUploadedFile: token.txt (text/plain)>
[2026-05-16 10:37:38] WARNING  users.views views.profile_edit:144 | PID:14040 TID:9976 | Profile edit validation error: user='koshelot', field='avatar', error='Upload a valid image. The file you uploaded was either not an image or a corrupted image.'
[2026-05-16 10:38:20] INFO     django.utils.autoreload autoreload.trigger_reload:265 | PID:14040 TID:8688 | C:\python\dstu\lang_prog_3kurs\sem_2\git_project\library\users\views.py changed, reloading.
[2026-05-16 10:38:25] INFO     django.utils.autoreload autoreload.trigger_reload:265 | PID:23892 TID:20076 | C:\python\dstu\lang_prog_3kurs\sem_2\git_project\library\users\views.py changed, reloading.
[2026-05-16 10:38:33] INFO     django.utils.autoreload autoreload.trigger_reload:265 | PID:10880 TID:7228 | C:\python\dstu\lang_prog_3kurs\sem_2\git_project\library\users\views.py changed, reloading.
[2026-05-16 10:38:38] INFO     django.utils.autoreload autoreload.trigger_reload:265 | PID:16696 TID:16548 | C:\python\dstu\lang_prog_3kurs\sem_2\git_project\library\users\views.py changed, reloading.
[2026-05-16 10:38:42] INFO     django.utils.autoreload autoreload.trigger_reload:265 | PID:26284 TID:3416 | C:\python\dstu\lang_prog_3kurs\sem_2\git_project\library\users\views.py changed, reloading.
[2026-05-16 10:38:46] INFO     django.utils.autoreload autoreload.trigger_reload:265 | PID:13272 TID:25220 | C:\python\dstu\lang_prog_3kurs\sem_2\git_project\library\users\views.py changed, reloading.
[2026-05-16 10:38:52] INFO     django.utils.autoreload autoreload.trigger_reload:265 | PID:7560 TID:3680 | C:\python\dstu\lang_prog_3kurs\sem_2\git_project\library\users\views.py changed, reloading.
[2026-05-16 10:39:05] INFO     django.utils.autoreload autoreload.trigger_reload:265 | PID:22548 TID:7596 | C:\python\dstu\lang_prog_3kurs\sem_2\git_project\library\users\views.py changed, reloading.
[2026-05-16 10:39:09] INFO     django.utils.autoreload autoreload.trigger_reload:265 | PID:21352 TID:25340 | C:\python\dstu\lang_prog_3kurs\sem_2\git_project\library\users\views.py changed, reloading.
[2026-05-16 10:39:19] INFO     django.utils.autoreload autoreload.trigger_reload:265 | PID:26280 TID:2788 | C:\python\dstu\lang_prog_3kurs\sem_2\git_project\library\users\views.py changed, reloading.
[2026-05-16 10:39:26] INFO     django.utils.autoreload autoreload.trigger_reload:265 | PID:12176 TID:16088 | C:\python\dstu\lang_prog_3kurs\sem_2\git_project\library\users\views.py changed, reloading.
[2026-05-16 10:39:34] INFO     django.utils.autoreload autoreload.trigger_reload:265 | PID:10360 TID:8844 | C:\python\dstu\lang_prog_3kurs\sem_2\git_project\library\users\views.py changed, reloading.
[2026-05-16 10:39:39] INFO     django.utils.autoreload autoreload.trigger_reload:265 | PID:6608 TID:18552 | C:\python\dstu\lang_prog_3kurs\sem_2\git_project\library\users\views.py changed, reloading.
[2026-05-16 10:39:45] INFO     django.utils.autoreload autoreload.trigger_reload:265 | PID:26376 TID:25936 | C:\python\dstu\lang_prog_3kurs\sem_2\git_project\library\users\views.py changed, reloading.
[2026-05-16 10:39:51] INFO     django.utils.autoreload autoreload.trigger_reload:265 | PID:17336 TID:6516 | C:\python\dstu\lang_prog_3kurs\sem_2\git_project\library\users\views.py changed, reloading.
[2026-05-16 10:40:28] INFO     django.utils.autoreload autoreload.trigger_reload:265 | PID:4064 TID:2608 | C:\python\dstu\lang_prog_3kurs\sem_2\git_project\library\users\views.py changed, reloading.
[2026-05-16 10:40:34] INFO     django.utils.autoreload autoreload.trigger_reload:265 | PID:25872 TID:19416 | C:\python\dstu\lang_prog_3kurs\sem_2\git_project\library\users\views.py changed, reloading.
[2026-05-16 10:40:40] INFO     django.utils.autoreload autoreload.trigger_reload:265 | PID:3188 TID:19428 | C:\python\dstu\lang_prog_3kurs\sem_2\git_project\library\users\views.py changed, reloading.
[2026-05-16 10:40:46] INFO     django.utils.autoreload autoreload.trigger_reload:265 | PID:6656 TID:25764 | C:\python\dstu\lang_prog_3kurs\sem_2\git_project\library\users\views.py changed, reloading.
[2026-05-16 10:40:52] INFO     django.utils.autoreload autoreload.trigger_reload:265 | PID:21180 TID:27256 | C:\python\dstu\lang_prog_3kurs\sem_2\git_project\library\users\views.py changed, reloading.
[2026-05-16 10:41:26] INFO     django.utils.autoreload autoreload.trigger_reload:265 | PID:13108 TID:1216 | C:\python\dstu\lang_prog_3kurs\sem_2\git_project\library\users\views.py changed, reloading.
[2026-05-16 10:41:36] INFO     django.utils.autoreload autoreload.trigger_reload:265 | PID:9324 TID:10764 | C:\python\dstu\lang_prog_3kurs\sem_2\git_project\library\users\views.py changed, reloading.
[2026-05-16 10:43:49] WARNING  users.signals signals.on_user_login_failed:30 | PID:13640 TID:5880 | Failed login attempt for username='admin', ip='127.0.0.1'
[2026-05-16 10:44:02] INFO     users.signals signals.on_user_logged_out:42 | PID:13640 TID:5880 | User logged out: username='koshelot', ip='127.0.0.1'
[2026-05-16 10:44:11] WARNING  users.signals signals.on_user_login_failed:30 | PID:13640 TID:5880 | Failed login attempt for username='admin', ip='127.0.0.1'
[2026-05-16 10:44:26] WARNING  users.signals signals.on_user_login_failed:30 | PID:13640 TID:5880 | Failed login attempt for username='admin', ip='127.0.0.1'
[2026-05-16 10:44:28] WARNING  users.signals signals.on_user_login_failed:30 | PID:13640 TID:5880 | Failed login attempt for username='admin', ip='127.0.0.1'
